---
source: tests/acceptance_tests.rs
expression: output
---
test allow_stays_on_fn::test_case_1_42_expects ... ok
test result: ok. 1 passed; 0 failed; 0 ignored; 0 measured; 0 filtered out; finished in 0.00s
