---
source: tests/acceptance_tests.rs
expression: output
---
error: test failed, to rerun pass `--lib`
test ignore_supported::test_case_1_12_expects_inconclusivematching_ok_ ... ignored
test is_even::test_case_1_12_expects ... ok
test is_even::test_case_2_13_expects ... FAILED
test is_odd_boxed::test_case_1_12_expects ... FAILED
test is_odd_boxed::test_case_2_13_expects ... ok
test panics_supported::test_case_1_12_expects_panicking_none - should panic ... ok
test panics_supported::test_case_2_13_expects_panicking_some_with_text_ - should panic ... ok
test result: FAILED. 4 passed; 2 failed; 1 ignored; 0 measured; 0 filtered out; finished in 0.00s
